Archive member included to satisfy reference by file (symbol)

.pio\build\uno\lib6ec\libsrc.a(FastLED.cpp.o)
                              .pio\build\uno\src\Blink.ino.cpp.o (symbol from plugin) (_ZN14CLEDController7m_pHeadE)
.pio\build\uno\lib6ec\libsrc.a(crgb.cpp.o)
                              .pio\build\uno\src\Blink.ino.cpp.o (symbol from plugin) (_ZN4CRGB17computeAdjustmentEhRKS_S1_)
.pio\build\uno\lib6ec\libsrc.a(lib8tion.cpp.o)
                              FastLED.cpp.o (symbol from plugin) (memset8)
.pio\build\uno\libFrameworkArduino.a(abi.cpp.o)
                              .pio\build\uno\src\Blink.ino.cpp.o (symbol from plugin) (__cxa_pure_virtual)
.pio\build\uno\libFrameworkArduino.a(hooks.c.o)
                              FastLED.cpp.o (symbol from plugin) (yield)
.pio\build\uno\libFrameworkArduino.a(main.cpp.o)
                              c:/users/niteris/.platformio/packages/toolchain-atmelavr/bin/../lib/gcc/avr/7.3.0/../../../../avr/lib/avr5/crtatmega328p.o (main)
.pio\build\uno\libFrameworkArduino.a(wiring.c.o)
                              .pio\build\uno\src\Blink.ino.cpp.o (symbol from plugin) (timer0_millis)
c:/users/niteris/.platformio/packages/toolchain-atmelavr/bin/../lib/gcc/avr/7.3.0/avr5\libgcc.a(_exit.o)
                              c:/users/niteris/.platformio/packages/toolchain-atmelavr/bin/../lib/gcc/avr/7.3.0/../../../../avr/lib/avr5/crtatmega328p.o (exit)
c:/users/niteris/.platformio/packages/toolchain-atmelavr/bin/../lib/gcc/avr/7.3.0/avr5\libgcc.a(_divmodhi4.o)
                              C:\Users\niteris\AppData\Local\Temp\ccAA6ajC.ltrans0.ltrans.o (__divmodhi4)
c:/users/niteris/.platformio/packages/toolchain-atmelavr/bin/../lib/gcc/avr/7.3.0/avr5\libgcc.a(_udivmodsi4.o)
                              C:\Users\niteris\AppData\Local\Temp\ccAA6ajC.ltrans0.ltrans.o (__udivmodsi4)
c:/users/niteris/.platformio/packages/toolchain-atmelavr/bin/../lib/gcc/avr/7.3.0/avr5\libgcc.a(_copy_data.o)
                              C:\Users\niteris\AppData\Local\Temp\ccAA6ajC.ltrans0.ltrans.o (__do_copy_data)
c:/users/niteris/.platformio/packages/toolchain-atmelavr/bin/../lib/gcc/avr/7.3.0/avr5\libgcc.a(_clear_bss.o)
                              C:\Users\niteris\AppData\Local\Temp\ccAA6ajC.ltrans0.ltrans.o (__do_clear_bss)
c:/users/niteris/.platformio/packages/toolchain-atmelavr/bin/../lib/gcc/avr/7.3.0/avr5\libgcc.a(_ctors.o)
                              C:\Users\niteris\AppData\Local\Temp\ccAA6ajC.ltrans0.ltrans.o (__do_global_ctors)
c:/users/niteris/.platformio/packages/toolchain-atmelavr/bin/../lib/gcc/avr/7.3.0/avr5\libgcc.a(_umulhisi3.o)
                              C:\Users\niteris\AppData\Local\Temp\ccAA6ajC.ltrans0.ltrans.o (__umulhisi3)
c:/users/niteris/.platformio/packages/toolchain-atmelavr/bin/../lib/gcc/avr/7.3.0/avr5\libgcc.a(_usmulhisi3.o)
                              C:\Users\niteris\AppData\Local\Temp\ccAA6ajC.ltrans0.ltrans.o (__usmulhisi3)
c:/users/niteris/.platformio/packages/toolchain-atmelavr/bin/../lib/gcc/avr/7.3.0/avr5\libgcc.a(_muluhisi3.o)
                              C:\Users\niteris\AppData\Local\Temp\ccAA6ajC.ltrans0.ltrans.o (__muluhisi3)
c:/users/niteris/.platformio/packages/toolchain-atmelavr/bin/../lib/gcc/avr/7.3.0/avr5\libgcc.a(_udivmodhi4.o)
                              c:/users/niteris/.platformio/packages/toolchain-atmelavr/bin/../lib/gcc/avr/7.3.0/avr5\libgcc.a(_divmodhi4.o) (__udivmodhi4)
c:/users/niteris/.platformio/packages/toolchain-atmelavr/bin/../lib/gcc/avr/7.3.0/avr5\libgcc.a(_tablejump2.o)
                              c:/users/niteris/.platformio/packages/toolchain-atmelavr/bin/../lib/gcc/avr/7.3.0/avr5\libgcc.a(_ctors.o) (__tablejump2__)
c:/users/niteris/.platformio/packages/toolchain-atmelavr/bin/../lib/gcc/avr/7.3.0/../../../../avr/lib/avr5\libc.a(abort.o)
                              C:\Users\niteris\AppData\Local\Temp\ccAA6ajC.ltrans0.ltrans.o (abort)

Discarded input sections

 .data          0x00000000        0x0 c:/users/niteris/.platformio/packages/toolchain-atmelavr/bin/../lib/gcc/avr/7.3.0/../../../../avr/lib/avr5/crtatmega328p.o
 .bss           0x00000000        0x0 c:/users/niteris/.platformio/packages/toolchain-atmelavr/bin/../lib/gcc/avr/7.3.0/../../../../avr/lib/avr5/crtatmega328p.o
 .text          0x00000000        0x0 .pio\build\uno\src\Blink.ino.cpp.o (symbol from plugin)
 .gnu.linkonce.t._ZN14CLEDController4sizeEv
                0x00000000        0x0 .pio\build\uno\src\Blink.ino.cpp.o (symbol from plugin)
 .gnu.linkonce.t._ZN14CLEDController5lanesEv
                0x00000000        0x0 .pio\build\uno\src\Blink.ino.cpp.o (symbol from plugin)
 .gnu.linkonce.t._ZN14CLEDController13beginShowLedsEv
                0x00000000        0x0 .pio\build\uno\src\Blink.ino.cpp.o (symbol from plugin)
 .gnu.linkonce.t._ZN14CLEDController11endShowLedsEPv
                0x00000000        0x0 .pio\build\uno\src\Blink.ino.cpp.o (symbol from plugin)
 .gnu.linkonce.t._ZNK14CLEDController17getMaxRefreshRateEv
                0x00000000        0x0 .pio\build\uno\src\Blink.ino.cpp.o (symbol from plugin)
 .gnu.linkonce.t._ZN19CPixelLEDControllerIL6EOrder66ELi1ELm4294967295EE5lanesEv
                0x00000000        0x0 .pio\build\uno\src\Blink.ino.cpp.o (symbol from plugin)
 .gnu.linkonce.t._ZNK19ClocklessControllerILh3ELi4ELi10ELi6EL6EOrder66ELi0ELb0ELi10EE17getMaxRefreshRateEv
                0x00000000        0x0 .pio\build\uno\src\Blink.ino.cpp.o (symbol from plugin)
 .gnu.linkonce.t._ZN14CLEDControllerC5Ev
                0x00000000        0x0 .pio\build\uno\src\Blink.ino.cpp.o (symbol from plugin)
 .gnu.linkonce.t._ZTV14CLEDController
                0x00000000        0x0 .pio\build\uno\src\Blink.ino.cpp.o (symbol from plugin)
 .gnu.linkonce.t._ZN14CLEDController13getAdjustmentEh
                0x00000000        0x0 .pio\build\uno\src\Blink.ino.cpp.o (symbol from plugin)
 .gnu.linkonce.t._ZN14CLEDController9showColorERK4CRGBih
                0x00000000        0x0 .pio\build\uno\src\Blink.ino.cpp.o (symbol from plugin)
 .gnu.linkonce.t._ZN14CLEDController9clearLedsEi
                0x00000000        0x0 .pio\build\uno\src\Blink.ino.cpp.o (symbol from plugin)
 .gnu.linkonce.t._ZN8CFastLED4showEv
                0x00000000        0x0 .pio\build\uno\src\Blink.ino.cpp.o (symbol from plugin)
 .gnu.linkonce.t._ZN19CPixelLEDControllerIL6EOrder66ELi1ELm4294967295EEC5Ev
                0x00000000        0x0 .pio\build\uno\src\Blink.ino.cpp.o (symbol from plugin)
 .gnu.linkonce.t._ZTV19CPixelLEDControllerIL6EOrder66ELi1ELm4294967295EE
                0x00000000        0x0 .pio\build\uno\src\Blink.ino.cpp.o (symbol from plugin)
 .gnu.linkonce.t._ZN19ClocklessControllerILh3ELi4ELi10ELi6EL6EOrder66ELi0ELb0ELi10EEC5Ev
                0x00000000        0x0 .pio\build\uno\src\Blink.ino.cpp.o (symbol from plugin)
 .gnu.linkonce.t._ZTV19ClocklessControllerILh3ELi4ELi10ELi6EL6EOrder66ELi0ELb0ELi10EE
                0x00000000        0x0 .pio\build\uno\src\Blink.ino.cpp.o (symbol from plugin)
 .gnu.linkonce.t._ZN22WS2812Controller800KhzILh3EL6EOrder66EEC5Ev
                0x00000000        0x0 .pio\build\uno\src\Blink.ino.cpp.o (symbol from plugin)
 .gnu.linkonce.t._ZTV22WS2812Controller800KhzILh3EL6EOrder66EE
                0x00000000        0x0 .pio\build\uno\src\Blink.ino.cpp.o (symbol from plugin)
 .gnu.linkonce.t._ZN8NEOPIXELILh3EEC5Ev
                0x00000000        0x0 .pio\build\uno\src\Blink.ino.cpp.o (symbol from plugin)
 .gnu.linkonce.t._ZTV8NEOPIXELILh3EE
                0x00000000        0x0 .pio\build\uno\src\Blink.ino.cpp.o (symbol from plugin)
 .gnu.linkonce.t._ZN8CFastLED7addLedsI8NEOPIXELLh3EEER14CLEDControllerP4CRGBii
                0x00000000        0x0 .pio\build\uno\src\Blink.ino.cpp.o (symbol from plugin)
 .gnu.linkonce.t._ZGVZN8CFastLED7addLedsI8NEOPIXELLh3EEER14CLEDControllerP4CRGBiiE1c
                0x00000000        0x0 .pio\build\uno\src\Blink.ino.cpp.o (symbol from plugin)
 .gnu.linkonce.t._ZZN8CFastLED7addLedsI8NEOPIXELLh3EEER14CLEDControllerP4CRGBiiE1c
                0x00000000        0x0 .pio\build\uno\src\Blink.ino.cpp.o (symbol from plugin)
 .gnu.linkonce.t._ZN7_AVRPINILh3ELh8E18__gen_struct_PORTD17__gen_struct_DDRD17__gen_struct_PINDE9setOutputEv
                0x00000000        0x0 .pio\build\uno\src\Blink.ino.cpp.o (symbol from plugin)
 .gnu.linkonce.t._ZN19ClocklessControllerILh3ELi4ELi10ELi6EL6EOrder66ELi0ELb0ELi10EE4initEv
                0x00000000        0x0 .pio\build\uno\src\Blink.ino.cpp.o (symbol from plugin)
 .gnu.linkonce.t._ZN8CMinWaitILi10EE4waitEv
                0x00000000        0x0 .pio\build\uno\src\Blink.ino.cpp.o (symbol from plugin)
 .gnu.linkonce.t._ZN19ClocklessControllerILh3ELi4ELi10ELi6EL6EOrder66ELi0ELb0ELi10EE15showRGBInternalER15PixelControllerILS0_66ELi1ELm4294967295EE
                0x00000000        0x0 .pio\build\uno\src\Blink.ino.cpp.o (symbol from plugin)
 .gnu.linkonce.t._ZN8CMinWaitILi10EE4markEv
                0x00000000        0x0 .pio\build\uno\src\Blink.ino.cpp.o (symbol from plugin)
 .gnu.linkonce.t._ZN19ClocklessControllerILh3ELi4ELi10ELi6EL6EOrder66ELi0ELb0ELi10EE10showPixelsER15PixelControllerILS0_66ELi1ELm4294967295EE
                0x00000000        0x0 .pio\build\uno\src\Blink.ino.cpp.o (symbol from plugin)
 .gnu.linkonce.t._ZN15PixelControllerIL6EOrder66ELi1ELm4294967295EE11initOffsetsEi
                0x00000000        0x0 .pio\build\uno\src\Blink.ino.cpp.o (symbol from plugin)
 .gnu.linkonce.t._ZN15PixelControllerIL6EOrder66ELi1ELm4294967295EE21init_binary_ditheringEv
                0x00000000        0x0 .pio\build\uno\src\Blink.ino.cpp.o (symbol from plugin)
 .gnu.linkonce.t._ZZN15PixelControllerIL6EOrder66ELi1ELm4294967295EE21init_binary_ditheringEvE1R
                0x00000000        0x0 .pio\build\uno\src\Blink.ino.cpp.o (symbol from plugin)
 .gnu.linkonce.t._ZN15PixelControllerIL6EOrder66ELi1ELm4294967295EE16enable_ditheringEh
                0x00000000        0x0 .pio\build\uno\src\Blink.ino.cpp.o (symbol from plugin)
 .gnu.linkonce.t._ZN15PixelControllerIL6EOrder66ELi1ELm4294967295EEC5EPK4CRGBiRS2_h
                0x00000000        0x0 .pio\build\uno\src\Blink.ino.cpp.o (symbol from plugin)
 .gnu.linkonce.t._ZN19CPixelLEDControllerIL6EOrder66ELi1ELm4294967295EE4showEPK4CRGBiS2_
                0x00000000        0x0 .pio\build\uno\src\Blink.ino.cpp.o (symbol from plugin)
 .gnu.linkonce.t._ZN15PixelControllerIL6EOrder66ELi1ELm4294967295EEC5ERK4CRGBiRS2_h
                0x00000000        0x0 .pio\build\uno\src\Blink.ino.cpp.o (symbol from plugin)
 .gnu.linkonce.t._ZN19CPixelLEDControllerIL6EOrder66ELi1ELm4294967295EE9showColorERK4CRGBiS2_
                0x00000000        0x0 .pio\build\uno\src\Blink.ino.cpp.o (symbol from plugin)
 .data          0x00000000        0x0 C:\Users\niteris\AppData\Local\Temp\ccAA6ajC.ltrans0.ltrans.o
 .text          0x00000000        0x0 FastLED.cpp.o (symbol from plugin)
 .gnu.linkonce.t._ZN14CLEDController12clearLedDataEv
                0x00000000        0x0 FastLED.cpp.o (symbol from plugin)
 .gnu.linkonce.t._ZN14CLEDController13beginShowLedsEv
                0x00000000        0x0 FastLED.cpp.o (symbol from plugin)
 .gnu.linkonce.t._ZN14CLEDController11endShowLedsEPv
                0x00000000        0x0 FastLED.cpp.o (symbol from plugin)
 .gnu.linkonce.t._ZN14CLEDController13getAdjustmentEh
                0x00000000        0x0 FastLED.cpp.o (symbol from plugin)
 .gnu.linkonce.t._ZN14CLEDController8showLedsEh
                0x00000000        0x0 FastLED.cpp.o (symbol from plugin)
 .gnu.linkonce.t._ZN14CLEDController9showColorERK4CRGBh
                0x00000000        0x0 FastLED.cpp.o (symbol from plugin)
 .gnu.linkonce.t._ZNK14CLEDController17getMaxRefreshRateEv
                0x00000000        0x0 FastLED.cpp.o (symbol from plugin)
 .gnu.linkonce.t._ZN8CFastLED4showEv
                0x00000000        0x0 FastLED.cpp.o (symbol from plugin)
 .text          0x00000000        0x0 crgb.cpp.o (symbol from plugin)
 .text          0x00000000        0x0 lib8tion.cpp.o (symbol from plugin)
 .text          0x00000000        0x0 abi.cpp.o (symbol from plugin)
 .text          0x00000000        0x0 hooks.c.o (symbol from plugin)
 .text          0x00000000        0x0 main.cpp.o (symbol from plugin)
 .text          0x00000000        0x0 wiring.c.o (symbol from plugin)
 .text          0x00000000        0x0 c:/users/niteris/.platformio/packages/toolchain-atmelavr/bin/../lib/gcc/avr/7.3.0/avr5\libgcc.a(_exit.o)
 .data          0x00000000        0x0 c:/users/niteris/.platformio/packages/toolchain-atmelavr/bin/../lib/gcc/avr/7.3.0/avr5\libgcc.a(_exit.o)
 .bss           0x00000000        0x0 c:/users/niteris/.platformio/packages/toolchain-atmelavr/bin/../lib/gcc/avr/7.3.0/avr5\libgcc.a(_exit.o)
 .text.libgcc.mul
                0x00000000        0x0 c:/users/niteris/.platformio/packages/toolchain-atmelavr/bin/../lib/gcc/avr/7.3.0/avr5\libgcc.a(_exit.o)
 .text.libgcc.div
                0x00000000        0x0 c:/users/niteris/.platformio/packages/toolchain-atmelavr/bin/../lib/gcc/avr/7.3.0/avr5\libgcc.a(_exit.o)
 .text.libgcc   0x00000000        0x0 c:/users/niteris/.platformio/packages/toolchain-atmelavr/bin/../lib/gcc/avr/7.3.0/avr5\libgcc.a(_exit.o)
 .text.libgcc.prologue
                0x00000000        0x0 c:/users/niteris/.platformio/packages/toolchain-atmelavr/bin/../lib/gcc/avr/7.3.0/avr5\libgcc.a(_exit.o)
 .text.libgcc.builtins
                0x00000000        0x0 c:/users/niteris/.platformio/packages/toolchain-atmelavr/bin/../lib/gcc/avr/7.3.0/avr5\libgcc.a(_exit.o)
 .text.libgcc.fmul
                0x00000000        0x0 c:/users/niteris/.platformio/packages/toolchain-atmelavr/bin/../lib/gcc/avr/7.3.0/avr5\libgcc.a(_exit.o)
 .text.libgcc.fixed
                0x00000000        0x0 c:/users/niteris/.platformio/packages/toolchain-atmelavr/bin/../lib/gcc/avr/7.3.0/avr5\libgcc.a(_exit.o)
 .text          0x00000000        0x0 c:/users/niteris/.platformio/packages/toolchain-atmelavr/bin/../lib/gcc/avr/7.3.0/avr5\libgcc.a(_divmodhi4.o)
 .data          0x00000000        0x0 c:/users/niteris/.platformio/packages/toolchain-atmelavr/bin/../lib/gcc/avr/7.3.0/avr5\libgcc.a(_divmodhi4.o)
 .bss           0x00000000        0x0 c:/users/niteris/.platformio/packages/toolchain-atmelavr/bin/../lib/gcc/avr/7.3.0/avr5\libgcc.a(_divmodhi4.o)
 .text.libgcc.mul
                0x00000000        0x0 c:/users/niteris/.platformio/packages/toolchain-atmelavr/bin/../lib/gcc/avr/7.3.0/avr5\libgcc.a(_divmodhi4.o)
 .text.libgcc   0x00000000        0x0 c:/users/niteris/.platformio/packages/toolchain-atmelavr/bin/../lib/gcc/avr/7.3.0/avr5\libgcc.a(_divmodhi4.o)
 .text.libgcc.prologue
                0x00000000        0x0 c:/users/niteris/.platformio/packages/toolchain-atmelavr/bin/../lib/gcc/avr/7.3.0/avr5\libgcc.a(_divmodhi4.o)
 .text.libgcc.builtins
                0x00000000        0x0 c:/users/niteris/.platformio/packages/toolchain-atmelavr/bin/../lib/gcc/avr/7.3.0/avr5\libgcc.a(_divmodhi4.o)
 .text.libgcc.fmul
                0x00000000        0x0 c:/users/niteris/.platformio/packages/toolchain-atmelavr/bin/../lib/gcc/avr/7.3.0/avr5\libgcc.a(_divmodhi4.o)
 .text.libgcc.fixed
                0x00000000        0x0 c:/users/niteris/.platformio/packages/toolchain-atmelavr/bin/../lib/gcc/avr/7.3.0/avr5\libgcc.a(_divmodhi4.o)
 .text          0x00000000        0x0 c:/users/niteris/.platformio/packages/toolchain-atmelavr/bin/../lib/gcc/avr/7.3.0/avr5\libgcc.a(_udivmodsi4.o)
 .data          0x00000000        0x0 c:/users/niteris/.platformio/packages/toolchain-atmelavr/bin/../lib/gcc/avr/7.3.0/avr5\libgcc.a(_udivmodsi4.o)
 .bss           0x00000000        0x0 c:/users/niteris/.platformio/packages/toolchain-atmelavr/bin/../lib/gcc/avr/7.3.0/avr5\libgcc.a(_udivmodsi4.o)
 .text.libgcc.mul
                0x00000000        0x0 c:/users/niteris/.platformio/packages/toolchain-atmelavr/bin/../lib/gcc/avr/7.3.0/avr5\libgcc.a(_udivmodsi4.o)
 .text.libgcc   0x00000000        0x0 c:/users/niteris/.platformio/packages/toolchain-atmelavr/bin/../lib/gcc/avr/7.3.0/avr5\libgcc.a(_udivmodsi4.o)
 .text.libgcc.prologue
                0x00000000        0x0 c:/users/niteris/.platformio/packages/toolchain-atmelavr/bin/../lib/gcc/avr/7.3.0/avr5\libgcc.a(_udivmodsi4.o)
 .text.libgcc.builtins
                0x00000000        0x0 c:/users/niteris/.platformio/packages/toolchain-atmelavr/bin/../lib/gcc/avr/7.3.0/avr5\libgcc.a(_udivmodsi4.o)
 .text.libgcc.fmul
                0x00000000        0x0 c:/users/niteris/.platformio/packages/toolchain-atmelavr/bin/../lib/gcc/avr/7.3.0/avr5\libgcc.a(_udivmodsi4.o)
 .text.libgcc.fixed
                0x00000000        0x0 c:/users/niteris/.platformio/packages/toolchain-atmelavr/bin/../lib/gcc/avr/7.3.0/avr5\libgcc.a(_udivmodsi4.o)
 .text          0x00000000        0x0 c:/users/niteris/.platformio/packages/toolchain-atmelavr/bin/../lib/gcc/avr/7.3.0/avr5\libgcc.a(_copy_data.o)
 .data          0x00000000        0x0 c:/users/niteris/.platformio/packages/toolchain-atmelavr/bin/../lib/gcc/avr/7.3.0/avr5\libgcc.a(_copy_data.o)
 .bss           0x00000000        0x0 c:/users/niteris/.platformio/packages/toolchain-atmelavr/bin/../lib/gcc/avr/7.3.0/avr5\libgcc.a(_copy_data.o)
 .text.libgcc.mul
                0x00000000        0x0 c:/users/niteris/.platformio/packages/toolchain-atmelavr/bin/../lib/gcc/avr/7.3.0/avr5\libgcc.a(_copy_data.o)
 .text.libgcc.div
                0x00000000        0x0 c:/users/niteris/.platformio/packages/toolchain-atmelavr/bin/../lib/gcc/avr/7.3.0/avr5\libgcc.a(_copy_data.o)
 .text.libgcc   0x00000000        0x0 c:/users/niteris/.platformio/packages/toolchain-atmelavr/bin/../lib/gcc/avr/7.3.0/avr5\libgcc.a(_copy_data.o)
 .text.libgcc.prologue
                0x00000000        0x0 c:/users/niteris/.platformio/packages/toolchain-atmelavr/bin/../lib/gcc/avr/7.3.0/avr5\libgcc.a(_copy_data.o)
 .text.libgcc.builtins
                0x00000000        0x0 c:/users/niteris/.platformio/packages/toolchain-atmelavr/bin/../lib/gcc/avr/7.3.0/avr5\libgcc.a(_copy_data.o)
 .text.libgcc.fmul
                0x00000000        0x0 c:/users/niteris/.platformio/packages/toolchain-atmelavr/bin/../lib/gcc/avr/7.3.0/avr5\libgcc.a(_copy_data.o)
 .text.libgcc.fixed
                0x00000000        0x0 c:/users/niteris/.platformio/packages/toolchain-atmelavr/bin/../lib/gcc/avr/7.3.0/avr5\libgcc.a(_copy_data.o)
 .text          0x00000000        0x0 c:/users/niteris/.platformio/packages/toolchain-atmelavr/bin/../lib/gcc/avr/7.3.0/avr5\libgcc.a(_clear_bss.o)
 .data          0x00000000        0x0 c:/users/niteris/.platformio/packages/toolchain-atmelavr/bin/../lib/gcc/avr/7.3.0/avr5\libgcc.a(_clear_bss.o)
 .bss           0x00000000        0x0 c:/users/niteris/.platformio/packages/toolchain-atmelavr/bin/../lib/gcc/avr/7.3.0/avr5\libgcc.a(_clear_bss.o)
 .text.libgcc.mul
                0x00000000        0x0 c:/users/niteris/.platformio/packages/toolchain-atmelavr/bin/../lib/gcc/avr/7.3.0/avr5\libgcc.a(_clear_bss.o)
 .text.libgcc.div
                0x00000000        0x0 c:/users/niteris/.platformio/packages/toolchain-atmelavr/bin/../lib/gcc/avr/7.3.0/avr5\libgcc.a(_clear_bss.o)
 .text.libgcc   0x00000000        0x0 c:/users/niteris/.platformio/packages/toolchain-atmelavr/bin/../lib/gcc/avr/7.3.0/avr5\libgcc.a(_clear_bss.o)
 .text.libgcc.prologue
                0x00000000        0x0 c:/users/niteris/.platformio/packages/toolchain-atmelavr/bin/../lib/gcc/avr/7.3.0/avr5\libgcc.a(_clear_bss.o)
 .text.libgcc.builtins
                0x00000000        0x0 c:/users/niteris/.platformio/packages/toolchain-atmelavr/bin/../lib/gcc/avr/7.3.0/avr5\libgcc.a(_clear_bss.o)
 .text.libgcc.fmul
                0x00000000        0x0 c:/users/niteris/.platformio/packages/toolchain-atmelavr/bin/../lib/gcc/avr/7.3.0/avr5\libgcc.a(_clear_bss.o)
 .text.libgcc.fixed
                0x00000000        0x0 c:/users/niteris/.platformio/packages/toolchain-atmelavr/bin/../lib/gcc/avr/7.3.0/avr5\libgcc.a(_clear_bss.o)
 .text          0x00000000        0x0 c:/users/niteris/.platformio/packages/toolchain-atmelavr/bin/../lib/gcc/avr/7.3.0/avr5\libgcc.a(_ctors.o)
 .data          0x00000000        0x0 c:/users/niteris/.platformio/packages/toolchain-atmelavr/bin/../lib/gcc/avr/7.3.0/avr5\libgcc.a(_ctors.o)
 .bss           0x00000000        0x0 c:/users/niteris/.platformio/packages/toolchain-atmelavr/bin/../lib/gcc/avr/7.3.0/avr5\libgcc.a(_ctors.o)
 .text.libgcc.mul
                0x00000000        0x0 c:/users/niteris/.platformio/packages/toolchain-atmelavr/bin/../lib/gcc/avr/7.3.0/avr5\libgcc.a(_ctors.o)
 .text.libgcc.div
                0x00000000        0x0 c:/users/niteris/.platformio/packages/toolchain-atmelavr/bin/../lib/gcc/avr/7.3.0/avr5\libgcc.a(_ctors.o)
 .text.libgcc   0x00000000        0x0 c:/users/niteris/.platformio/packages/toolchain-atmelavr/bin/../lib/gcc/avr/7.3.0/avr5\libgcc.a(_ctors.o)
 .text.libgcc.prologue
                0x00000000        0x0 c:/users/niteris/.platformio/packages/toolchain-atmelavr/bin/../lib/gcc/avr/7.3.0/avr5\libgcc.a(_ctors.o)
 .text.libgcc.builtins
                0x00000000        0x0 c:/users/niteris/.platformio/packages/toolchain-atmelavr/bin/../lib/gcc/avr/7.3.0/avr5\libgcc.a(_ctors.o)
 .text.libgcc.fmul
                0x00000000        0x0 c:/users/niteris/.platformio/packages/toolchain-atmelavr/bin/../lib/gcc/avr/7.3.0/avr5\libgcc.a(_ctors.o)
 .text.libgcc.fixed
                0x00000000        0x0 c:/users/niteris/.platformio/packages/toolchain-atmelavr/bin/../lib/gcc/avr/7.3.0/avr5\libgcc.a(_ctors.o)
 .text          0x00000000        0x0 c:/users/niteris/.platformio/packages/toolchain-atmelavr/bin/../lib/gcc/avr/7.3.0/avr5\libgcc.a(_umulhisi3.o)
 .data          0x00000000        0x0 c:/users/niteris/.platformio/packages/toolchain-atmelavr/bin/../lib/gcc/avr/7.3.0/avr5\libgcc.a(_umulhisi3.o)
 .bss           0x00000000        0x0 c:/users/niteris/.platformio/packages/toolchain-atmelavr/bin/../lib/gcc/avr/7.3.0/avr5\libgcc.a(_umulhisi3.o)
 .text.libgcc.div
                0x00000000        0x0 c:/users/niteris/.platformio/packages/toolchain-atmelavr/bin/../lib/gcc/avr/7.3.0/avr5\libgcc.a(_umulhisi3.o)
 .text.libgcc   0x00000000        0x0 c:/users/niteris/.platformio/packages/toolchain-atmelavr/bin/../lib/gcc/avr/7.3.0/avr5\libgcc.a(_umulhisi3.o)
 .text.libgcc.prologue
                0x00000000        0x0 c:/users/niteris/.platformio/packages/toolchain-atmelavr/bin/../lib/gcc/avr/7.3.0/avr5\libgcc.a(_umulhisi3.o)
 .text.libgcc.builtins
                0x00000000        0x0 c:/users/niteris/.platformio/packages/toolchain-atmelavr/bin/../lib/gcc/avr/7.3.0/avr5\libgcc.a(_umulhisi3.o)
 .text.libgcc.fmul
                0x00000000        0x0 c:/users/niteris/.platformio/packages/toolchain-atmelavr/bin/../lib/gcc/avr/7.3.0/avr5\libgcc.a(_umulhisi3.o)
 .text.libgcc.fixed
                0x00000000        0x0 c:/users/niteris/.platformio/packages/toolchain-atmelavr/bin/../lib/gcc/avr/7.3.0/avr5\libgcc.a(_umulhisi3.o)
 .text          0x00000000        0x0 c:/users/niteris/.platformio/packages/toolchain-atmelavr/bin/../lib/gcc/avr/7.3.0/avr5\libgcc.a(_usmulhisi3.o)
 .data          0x00000000        0x0 c:/users/niteris/.platformio/packages/toolchain-atmelavr/bin/../lib/gcc/avr/7.3.0/avr5\libgcc.a(_usmulhisi3.o)
 .bss           0x00000000        0x0 c:/users/niteris/.platformio/packages/toolchain-atmelavr/bin/../lib/gcc/avr/7.3.0/avr5\libgcc.a(_usmulhisi3.o)
 .text.libgcc.div
                0x00000000        0x0 c:/users/niteris/.platformio/packages/toolchain-atmelavr/bin/../lib/gcc/avr/7.3.0/avr5\libgcc.a(_usmulhisi3.o)
 .text.libgcc   0x00000000        0x0 c:/users/niteris/.platformio/packages/toolchain-atmelavr/bin/../lib/gcc/avr/7.3.0/avr5\libgcc.a(_usmulhisi3.o)
 .text.libgcc.prologue
                0x00000000        0x0 c:/users/niteris/.platformio/packages/toolchain-atmelavr/bin/../lib/gcc/avr/7.3.0/avr5\libgcc.a(_usmulhisi3.o)
 .text.libgcc.builtins
                0x00000000        0x0 c:/users/niteris/.platformio/packages/toolchain-atmelavr/bin/../lib/gcc/avr/7.3.0/avr5\libgcc.a(_usmulhisi3.o)
 .text.libgcc.fmul
                0x00000000        0x0 c:/users/niteris/.platformio/packages/toolchain-atmelavr/bin/../lib/gcc/avr/7.3.0/avr5\libgcc.a(_usmulhisi3.o)
 .text.libgcc.fixed
                0x00000000        0x0 c:/users/niteris/.platformio/packages/toolchain-atmelavr/bin/../lib/gcc/avr/7.3.0/avr5\libgcc.a(_usmulhisi3.o)
 .text          0x00000000        0x0 c:/users/niteris/.platformio/packages/toolchain-atmelavr/bin/../lib/gcc/avr/7.3.0/avr5\libgcc.a(_muluhisi3.o)
 .data          0x00000000        0x0 c:/users/niteris/.platformio/packages/toolchain-atmelavr/bin/../lib/gcc/avr/7.3.0/avr5\libgcc.a(_muluhisi3.o)
 .bss           0x00000000        0x0 c:/users/niteris/.platformio/packages/toolchain-atmelavr/bin/../lib/gcc/avr/7.3.0/avr5\libgcc.a(_muluhisi3.o)
 .text.libgcc.div
                0x00000000        0x0 c:/users/niteris/.platformio/packages/toolchain-atmelavr/bin/../lib/gcc/avr/7.3.0/avr5\libgcc.a(_muluhisi3.o)
 .text.libgcc   0x00000000        0x0 c:/users/niteris/.platformio/packages/toolchain-atmelavr/bin/../lib/gcc/avr/7.3.0/avr5\libgcc.a(_muluhisi3.o)
 .text.libgcc.prologue
                0x00000000        0x0 c:/users/niteris/.platformio/packages/toolchain-atmelavr/bin/../lib/gcc/avr/7.3.0/avr5\libgcc.a(_muluhisi3.o)
 .text.libgcc.builtins
                0x00000000        0x0 c:/users/niteris/.platformio/packages/toolchain-atmelavr/bin/../lib/gcc/avr/7.3.0/avr5\libgcc.a(_muluhisi3.o)
 .text.libgcc.fmul
                0x00000000        0x0 c:/users/niteris/.platformio/packages/toolchain-atmelavr/bin/../lib/gcc/avr/7.3.0/avr5\libgcc.a(_muluhisi3.o)
 .text.libgcc.fixed
                0x00000000        0x0 c:/users/niteris/.platformio/packages/toolchain-atmelavr/bin/../lib/gcc/avr/7.3.0/avr5\libgcc.a(_muluhisi3.o)
 .text          0x00000000        0x0 c:/users/niteris/.platformio/packages/toolchain-atmelavr/bin/../lib/gcc/avr/7.3.0/avr5\libgcc.a(_udivmodhi4.o)
 .data          0x00000000        0x0 c:/users/niteris/.platformio/packages/toolchain-atmelavr/bin/../lib/gcc/avr/7.3.0/avr5\libgcc.a(_udivmodhi4.o)
 .bss           0x00000000        0x0 c:/users/niteris/.platformio/packages/toolchain-atmelavr/bin/../lib/gcc/avr/7.3.0/avr5\libgcc.a(_udivmodhi4.o)
 .text.libgcc.mul
                0x00000000        0x0 c:/users/niteris/.platformio/packages/toolchain-atmelavr/bin/../lib/gcc/avr/7.3.0/avr5\libgcc.a(_udivmodhi4.o)
 .text.libgcc   0x00000000        0x0 c:/users/niteris/.platformio/packages/toolchain-atmelavr/bin/../lib/gcc/avr/7.3.0/avr5\libgcc.a(_udivmodhi4.o)
 .text.libgcc.prologue
                0x00000000        0x0 c:/users/niteris/.platformio/packages/toolchain-atmelavr/bin/../lib/gcc/avr/7.3.0/avr5\libgcc.a(_udivmodhi4.o)
 .text.libgcc.builtins
                0x00000000        0x0 c:/users/niteris/.platformio/packages/toolchain-atmelavr/bin/../lib/gcc/avr/7.3.0/avr5\libgcc.a(_udivmodhi4.o)
 .text.libgcc.fmul
                0x00000000        0x0 c:/users/niteris/.platformio/packages/toolchain-atmelavr/bin/../lib/gcc/avr/7.3.0/avr5\libgcc.a(_udivmodhi4.o)
 .text.libgcc.fixed
                0x00000000        0x0 c:/users/niteris/.platformio/packages/toolchain-atmelavr/bin/../lib/gcc/avr/7.3.0/avr5\libgcc.a(_udivmodhi4.o)
 .text          0x00000000        0x0 c:/users/niteris/.platformio/packages/toolchain-atmelavr/bin/../lib/gcc/avr/7.3.0/avr5\libgcc.a(_tablejump2.o)
 .data          0x00000000        0x0 c:/users/niteris/.platformio/packages/toolchain-atmelavr/bin/../lib/gcc/avr/7.3.0/avr5\libgcc.a(_tablejump2.o)
 .bss           0x00000000        0x0 c:/users/niteris/.platformio/packages/toolchain-atmelavr/bin/../lib/gcc/avr/7.3.0/avr5\libgcc.a(_tablejump2.o)
 .text.libgcc.mul
                0x00000000        0x0 c:/users/niteris/.platformio/packages/toolchain-atmelavr/bin/../lib/gcc/avr/7.3.0/avr5\libgcc.a(_tablejump2.o)
 .text.libgcc.div
                0x00000000        0x0 c:/users/niteris/.platformio/packages/toolchain-atmelavr/bin/../lib/gcc/avr/7.3.0/avr5\libgcc.a(_tablejump2.o)
 .text.libgcc.prologue
                0x00000000        0x0 c:/users/niteris/.platformio/packages/toolchain-atmelavr/bin/../lib/gcc/avr/7.3.0/avr5\libgcc.a(_tablejump2.o)
 .text.libgcc.builtins
                0x00000000        0x0 c:/users/niteris/.platformio/packages/toolchain-atmelavr/bin/../lib/gcc/avr/7.3.0/avr5\libgcc.a(_tablejump2.o)
 .text.libgcc.fmul
                0x00000000        0x0 c:/users/niteris/.platformio/packages/toolchain-atmelavr/bin/../lib/gcc/avr/7.3.0/avr5\libgcc.a(_tablejump2.o)
 .text.libgcc.fixed
                0x00000000        0x0 c:/users/niteris/.platformio/packages/toolchain-atmelavr/bin/../lib/gcc/avr/7.3.0/avr5\libgcc.a(_tablejump2.o)
 .text          0x00000000        0x0 c:/users/niteris/.platformio/packages/toolchain-atmelavr/bin/../lib/gcc/avr/7.3.0/../../../../avr/lib/avr5\libc.a(abort.o)
 .data          0x00000000        0x0 c:/users/niteris/.platformio/packages/toolchain-atmelavr/bin/../lib/gcc/avr/7.3.0/../../../../avr/lib/avr5\libc.a(abort.o)
 .bss           0x00000000        0x0 c:/users/niteris/.platformio/packages/toolchain-atmelavr/bin/../lib/gcc/avr/7.3.0/../../../../avr/lib/avr5\libc.a(abort.o)

Memory Configuration

Name             Origin             Length             Attributes
text             0x00000000         0x00020000         xr
data             0x00800060         0x0000ffa0         rw !x
eeprom           0x00810000         0x00010000         rw !x
fuse             0x00820000         0x00000003         rw !x
lock             0x00830000         0x00000400         rw !x
signature        0x00840000         0x00000400         rw !x
user_signatures  0x00850000         0x00000400         rw !x
*default*        0x00000000         0xffffffff

Linker script and memory map

Address of section .data set to 0x800100
LOAD c:/users/niteris/.platformio/packages/toolchain-atmelavr/bin/../lib/gcc/avr/7.3.0/../../../../avr/lib/avr5/crtatmega328p.o
LOAD .pio\build\uno\src\Blink.ino.cpp.o
LOAD C:\Users\niteris\AppData\Local\Temp\ccAA6ajC.ltrans0.ltrans.o
START GROUP
LOAD .pio\build\uno\liba19\libSoftwareSerial.a
LOAD .pio\build\uno\lib8b0\libSPI.a
LOAD .pio\build\uno\lib6ec\libsrc.a
LOAD .pio\build\uno\libFrameworkArduinoVariant.a
LOAD .pio\build\uno\libFrameworkArduino.a
END GROUP
LOAD c:/users/niteris/.platformio/packages/toolchain-atmelavr/bin/../lib/gcc/avr/7.3.0/avr5\libgcc.a
LOAD c:/users/niteris/.platformio/packages/toolchain-atmelavr/bin/../lib/gcc/avr/7.3.0/../../../../avr/lib/avr5\libm.a
START GROUP
LOAD c:/users/niteris/.platformio/packages/toolchain-atmelavr/bin/../lib/gcc/avr/7.3.0/avr5\libgcc.a
LOAD c:/users/niteris/.platformio/packages/toolchain-atmelavr/bin/../lib/gcc/avr/7.3.0/../../../../avr/lib/avr5\libm.a
LOAD c:/users/niteris/.platformio/packages/toolchain-atmelavr/bin/../lib/gcc/avr/7.3.0/../../../../avr/lib/avr5\libc.a
LOAD c:/users/niteris/.platformio/packages/toolchain-atmelavr/bin/../lib/gcc/avr/7.3.0/../../../../avr/lib/avr5\libatmega328p.a
END GROUP
                0x00020000                __TEXT_REGION_LENGTH__ = DEFINED (__TEXT_REGION_LENGTH__)?__TEXT_REGION_LENGTH__:0x20000
                0x0000ffa0                __DATA_REGION_LENGTH__ = DEFINED (__DATA_REGION_LENGTH__)?__DATA_REGION_LENGTH__:0xffa0
                0x00010000                __EEPROM_REGION_LENGTH__ = DEFINED (__EEPROM_REGION_LENGTH__)?__EEPROM_REGION_LENGTH__:0x10000
                [0x00000003]                __FUSE_REGION_LENGTH__ = DEFINED (__FUSE_REGION_LENGTH__)?__FUSE_REGION_LENGTH__:0x400
                0x00000400                __LOCK_REGION_LENGTH__ = DEFINED (__LOCK_REGION_LENGTH__)?__LOCK_REGION_LENGTH__:0x400
                0x00000400                __SIGNATURE_REGION_LENGTH__ = DEFINED (__SIGNATURE_REGION_LENGTH__)?__SIGNATURE_REGION_LENGTH__:0x400
                0x00000400                __USER_SIGNATURE_REGION_LENGTH__ = DEFINED (__USER_SIGNATURE_REGION_LENGTH__)?__USER_SIGNATURE_REGION_LENGTH__:0x400

.hash
 *(.hash)

.dynsym
 *(.dynsym)

.dynstr
 *(.dynstr)

.gnu.version
 *(.gnu.version)

.gnu.version_d
 *(.gnu.version_d)

.gnu.version_r
 *(.gnu.version_r)

.rel.init
 *(.rel.init)

.rela.init
 *(.rela.init)

.rel.text
 *(.rel.text)
 *(.rel.text.*)
 *(.rel.gnu.linkonce.t*)

.rela.text
 *(.rela.text)
 *(.rela.text.*)
 *(.rela.gnu.linkonce.t*)

.rel.fini
 *(.rel.fini)

.rela.fini
 *(.rela.fini)

.rel.rodata
 *(.rel.rodata)
 *(.rel.rodata.*)
 *(.rel.gnu.linkonce.r*)

.rela.rodata
 *(.rela.rodata)
 *(.rela.rodata.*)
 *(.rela.gnu.linkonce.r*)

.rel.data
 *(.rel.data)
 *(.rel.data.*)
 *(.rel.gnu.linkonce.d*)

.rela.data
 *(.rela.data)
 *(.rela.data.*)
 *(.rela.gnu.linkonce.d*)

.rel.ctors
 *(.rel.ctors)

.rela.ctors
 *(.rela.ctors)

.rel.dtors
 *(.rel.dtors)

.rela.dtors
 *(.rela.dtors)

.rel.got
 *(.rel.got)

.rela.got
 *(.rela.got)

.rel.bss
 *(.rel.bss)

.rela.bss
 *(.rela.bss)

.rel.plt
 *(.rel.plt)

.rela.plt
 *(.rela.plt)

.text           0x00000000      0xe8e
 *(.vectors)
 .vectors       0x00000000       0x68 c:/users/niteris/.platformio/packages/toolchain-atmelavr/bin/../lib/gcc/avr/7.3.0/../../../../avr/lib/avr5/crtatmega328p.o
                0x00000000                __vector_default
                0x00000000                __vectors
 *(.vectors)
 *(.progmem.gcc*)
                0x00000068                . = ALIGN (0x2)
                0x00000068                __trampolines_start = .
 *(.trampolines)
 .trampolines   0x00000068        0x0 linker stubs
 *(.trampolines*)
                0x00000068                __trampolines_end = .
 *libprintf_flt.a:*(.progmem.data)
 *libc.a:*(.progmem.data)
 *(.progmem*)
                0x00000068                . = ALIGN (0x2)
 *(.jumptables)
 *(.jumptables*)
 *(.lowtext)
 *(.lowtext*)
                0x00000068                __ctors_start = .
 *(.ctors)
 .ctors         0x00000068        0x2 C:\Users\niteris\AppData\Local\Temp\ccAA6ajC.ltrans0.ltrans.o
                0x0000006a                __ctors_end = .
                0x0000006a                __dtors_start = .
 *(.dtors)
                0x0000006a                __dtors_end = .
 SORT(*)(.ctors)
 SORT(*)(.dtors)
 *(.init0)
 .init0         0x0000006a        0x0 c:/users/niteris/.platformio/packages/toolchain-atmelavr/bin/../lib/gcc/avr/7.3.0/../../../../avr/lib/avr5/crtatmega328p.o
                0x0000006a                __init
 *(.init0)
 *(.init1)
 *(.init1)
 *(.init2)
 .init2         0x0000006a        0xc c:/users/niteris/.platformio/packages/toolchain-atmelavr/bin/../lib/gcc/avr/7.3.0/../../../../avr/lib/avr5/crtatmega328p.o
 *(.init2)
 *(.init3)
 *(.init3)
 *(.init4)
 .init4         0x00000076       0x16 c:/users/niteris/.platformio/packages/toolchain-atmelavr/bin/../lib/gcc/avr/7.3.0/avr5\libgcc.a(_copy_data.o)
                0x00000076                __do_copy_data
 .init4         0x0000008c       0x10 c:/users/niteris/.platformio/packages/toolchain-atmelavr/bin/../lib/gcc/avr/7.3.0/avr5\libgcc.a(_clear_bss.o)
                0x0000008c                __do_clear_bss
 *(.init4)
 *(.init5)
 *(.init5)
 *(.init6)
 .init6         0x0000009c       0x16 c:/users/niteris/.platformio/packages/toolchain-atmelavr/bin/../lib/gcc/avr/7.3.0/avr5\libgcc.a(_ctors.o)
                0x0000009c                __do_global_ctors
 *(.init6)
 *(.init7)
 *(.init7)
 *(.init8)
 *(.init8)
 *(.init9)
 .init9         0x000000b2        0x8 c:/users/niteris/.platformio/packages/toolchain-atmelavr/bin/../lib/gcc/avr/7.3.0/../../../../avr/lib/avr5/crtatmega328p.o
 *(.init9)
 *(.text)
 .text          0x000000ba        0x4 c:/users/niteris/.platformio/packages/toolchain-atmelavr/bin/../lib/gcc/avr/7.3.0/../../../../avr/lib/avr5/crtatmega328p.o
                0x000000ba                __vector_22
                0x000000ba                __vector_1
                0x000000ba                __vector_24
                0x000000ba                __vector_12
                0x000000ba                __bad_interrupt
                0x000000ba                __vector_6
                0x000000ba                __vector_3
                0x000000ba                __vector_23
                0x000000ba                __vector_25
                0x000000ba                __vector_11
                0x000000ba                __vector_13
                0x000000ba                __vector_17
                0x000000ba                __vector_19
                0x000000ba                __vector_7
                0x000000ba                __vector_5
                0x000000ba                __vector_4
                0x000000ba                __vector_9
                0x000000ba                __vector_2
                0x000000ba                __vector_21
                0x000000ba                __vector_15
                0x000000ba                __vector_8
                0x000000ba                __vector_14
                0x000000ba                __vector_10
                0x000000ba                __vector_18
                0x000000ba                __vector_20
 .text          0x000000be      0xaf0 C:\Users\niteris\AppData\Local\Temp\ccAA6ajC.ltrans0.ltrans.o
                0x00000b1a                __vector_16
                0x00000bae                . = ALIGN (0x2)
 *(.text.*)
 .text.startup  0x00000bae      0x1f0 C:\Users\niteris\AppData\Local\Temp\ccAA6ajC.ltrans0.ltrans.o
                0x00000bae                main
 .text.libgcc.div
                0x00000d9e       0x28 c:/users/niteris/.platformio/packages/toolchain-atmelavr/bin/../lib/gcc/avr/7.3.0/avr5\libgcc.a(_divmodhi4.o)
                0x00000d9e                _div
                0x00000d9e                __divmodhi4
 .text.libgcc.div
                0x00000dc6       0x44 c:/users/niteris/.platformio/packages/toolchain-atmelavr/bin/../lib/gcc/avr/7.3.0/avr5\libgcc.a(_udivmodsi4.o)
                0x00000dc6                __udivmodsi4
 .text.libgcc.mul
                0x00000e0a       0x1e c:/users/niteris/.platformio/packages/toolchain-atmelavr/bin/../lib/gcc/avr/7.3.0/avr5\libgcc.a(_umulhisi3.o)
                0x00000e0a                __umulhisi3
 .text.libgcc.mul
                0x00000e28        0xe c:/users/niteris/.platformio/packages/toolchain-atmelavr/bin/../lib/gcc/avr/7.3.0/avr5\libgcc.a(_usmulhisi3.o)
                0x00000e28                __usmulhisi3
                0x00000e2c                __usmulhisi3_tail
 .text.libgcc.mul
                0x00000e36       0x16 c:/users/niteris/.platformio/packages/toolchain-atmelavr/bin/../lib/gcc/avr/7.3.0/avr5\libgcc.a(_muluhisi3.o)
                0x00000e36                __muluhisi3
 .text.libgcc.div
                0x00000e4c       0x28 c:/users/niteris/.platformio/packages/toolchain-atmelavr/bin/../lib/gcc/avr/7.3.0/avr5\libgcc.a(_udivmodhi4.o)
                0x00000e4c                __udivmodhi4
 .text.libgcc   0x00000e74        0xc c:/users/niteris/.platformio/packages/toolchain-atmelavr/bin/../lib/gcc/avr/7.3.0/avr5\libgcc.a(_tablejump2.o)
                0x00000e74                __tablejump2__
 .text.avr-libc
                0x00000e80        0xa c:/users/niteris/.platformio/packages/toolchain-atmelavr/bin/../lib/gcc/avr/7.3.0/../../../../avr/lib/avr5\libc.a(abort.o)
                0x00000e80                abort
                0x00000e8a                . = ALIGN (0x2)
 *(.fini9)
 .fini9         0x00000e8a        0x0 c:/users/niteris/.platformio/packages/toolchain-atmelavr/bin/../lib/gcc/avr/7.3.0/avr5\libgcc.a(_exit.o)
                0x00000e8a                _exit
                0x00000e8a                exit
 *(.fini9)
 *(.fini8)
 *(.fini8)
 *(.fini7)
 *(.fini7)
 *(.fini6)
 *(.fini6)
 *(.fini5)
 *(.fini5)
 *(.fini4)
 *(.fini4)
 *(.fini3)
 *(.fini3)
 *(.fini2)
 *(.fini2)
 *(.fini1)
 *(.fini1)
 *(.fini0)
 .fini0         0x00000e8a        0x4 c:/users/niteris/.platformio/packages/toolchain-atmelavr/bin/../lib/gcc/avr/7.3.0/avr5\libgcc.a(_exit.o)
 *(.fini0)
                0x00000e8e                _etext = .

.data           0x00800100       0x2e load address 0x00000e8e
                0x00800100                PROVIDE (__data_start, .)
 *(.data)
 *(.data*)
 *(.gnu.linkonce.d*)
 *(.rodata)
 .rodata        0x00800100       0x2e C:\Users\niteris\AppData\Local\Temp\ccAA6ajC.ltrans0.ltrans.o
 *(.rodata*)
 *(.gnu.linkonce.r*)
                0x0080012e                . = ALIGN (0x2)
                0x0080012e                _edata = .
                0x0080012e                PROVIDE (__data_end, .)

.bss            0x0080012e       0x48
                0x0080012e                PROVIDE (__bss_start, .)
 *(.bss)
 .bss           0x0080012e       0x48 C:\Users\niteris\AppData\Local\Temp\ccAA6ajC.ltrans0.ltrans.o
 *(.bss*)
 *(COMMON)
                0x00800176                PROVIDE (__bss_end, .)
                0x00000e8e                __data_load_start = LOADADDR (.data)
                0x00000ebc                __data_load_end = (__data_load_start + SIZEOF (.data))

.noinit         0x00800176        0x0
                [!provide]                PROVIDE (__noinit_start, .)
 *(.noinit*)
                [!provide]                PROVIDE (__noinit_end, .)
                0x00800176                _end = .
                [!provide]                PROVIDE (__heap_start, .)

.eeprom         0x00810000        0x0
 *(.eeprom*)
                0x00810000                __eeprom_end = .

.fuse
 *(.fuse)
 *(.lfuse)
 *(.hfuse)
 *(.efuse)

.lock
 *(.lock*)

.signature
 *(.signature*)

.user_signatures
 *(.user_signatures*)

.stab
 *(.stab)

.stabstr
 *(.stabstr)

.stab.excl
 *(.stab.excl)

.stab.exclstr
 *(.stab.exclstr)

.stab.index
 *(.stab.index)

.stab.indexstr
 *(.stab.indexstr)

.comment        0x00000000       0x11
 *(.comment)
 .comment       0x00000000       0x11 C:\Users\niteris\AppData\Local\Temp\ccAA6ajC.ltrans0.ltrans.o
                                 0x12 (size before relaxing)

.note.gnu.avr.deviceinfo
                0x00000000       0x40
 .note.gnu.avr.deviceinfo
                0x00000000       0x40 c:/users/niteris/.platformio/packages/toolchain-atmelavr/bin/../lib/gcc/avr/7.3.0/../../../../avr/lib/avr5/crtatmega328p.o

.note.gnu.build-id
 *(.note.gnu.build-id)

.debug
 *(.debug)

.line
 *(.line)

.debug_srcinfo
 *(.debug_srcinfo)

.debug_sfnames
 *(.debug_sfnames)

.debug_aranges  0x00000000      0x160
 *(.debug_aranges)
 .debug_aranges
                0x00000000       0x20 c:/users/niteris/.platformio/packages/toolchain-atmelavr/bin/../lib/gcc/avr/7.3.0/avr5\libgcc.a(_exit.o)
 .debug_aranges
                0x00000020       0x20 c:/users/niteris/.platformio/packages/toolchain-atmelavr/bin/../lib/gcc/avr/7.3.0/avr5\libgcc.a(_divmodhi4.o)
 .debug_aranges
                0x00000040       0x20 c:/users/niteris/.platformio/packages/toolchain-atmelavr/bin/../lib/gcc/avr/7.3.0/avr5\libgcc.a(_udivmodsi4.o)
 .debug_aranges
                0x00000060       0x20 c:/users/niteris/.platformio/packages/toolchain-atmelavr/bin/../lib/gcc/avr/7.3.0/avr5\libgcc.a(_copy_data.o)
 .debug_aranges
                0x00000080       0x20 c:/users/niteris/.platformio/packages/toolchain-atmelavr/bin/../lib/gcc/avr/7.3.0/avr5\libgcc.a(_clear_bss.o)
 .debug_aranges
                0x000000a0       0x20 c:/users/niteris/.platformio/packages/toolchain-atmelavr/bin/../lib/gcc/avr/7.3.0/avr5\libgcc.a(_ctors.o)
 .debug_aranges
                0x000000c0       0x20 c:/users/niteris/.platformio/packages/toolchain-atmelavr/bin/../lib/gcc/avr/7.3.0/avr5\libgcc.a(_umulhisi3.o)
 .debug_aranges
                0x000000e0       0x20 c:/users/niteris/.platformio/packages/toolchain-atmelavr/bin/../lib/gcc/avr/7.3.0/avr5\libgcc.a(_usmulhisi3.o)
 .debug_aranges
                0x00000100       0x20 c:/users/niteris/.platformio/packages/toolchain-atmelavr/bin/../lib/gcc/avr/7.3.0/avr5\libgcc.a(_muluhisi3.o)
 .debug_aranges
                0x00000120       0x20 c:/users/niteris/.platformio/packages/toolchain-atmelavr/bin/../lib/gcc/avr/7.3.0/avr5\libgcc.a(_udivmodhi4.o)
 .debug_aranges
                0x00000140       0x20 c:/users/niteris/.platformio/packages/toolchain-atmelavr/bin/../lib/gcc/avr/7.3.0/avr5\libgcc.a(_tablejump2.o)

.debug_pubnames
 *(.debug_pubnames)

.debug_info     0x00000000      0xdfd
 *(.debug_info .gnu.linkonce.wi.*)
 .debug_info    0x00000000      0x5f4 c:/users/niteris/.platformio/packages/toolchain-atmelavr/bin/../lib/gcc/avr/7.3.0/../../../../avr/lib/avr5/crtatmega328p.o
 .debug_info    0x000005f4       0xbb c:/users/niteris/.platformio/packages/toolchain-atmelavr/bin/../lib/gcc/avr/7.3.0/avr5\libgcc.a(_exit.o)
 .debug_info    0x000006af       0xbb c:/users/niteris/.platformio/packages/toolchain-atmelavr/bin/../lib/gcc/avr/7.3.0/avr5\libgcc.a(_divmodhi4.o)
 .debug_info    0x0000076a       0xbb c:/users/niteris/.platformio/packages/toolchain-atmelavr/bin/../lib/gcc/avr/7.3.0/avr5\libgcc.a(_udivmodsi4.o)
 .debug_info    0x00000825       0xbb c:/users/niteris/.platformio/packages/toolchain-atmelavr/bin/../lib/gcc/avr/7.3.0/avr5\libgcc.a(_copy_data.o)
 .debug_info    0x000008e0       0xbb c:/users/niteris/.platformio/packages/toolchain-atmelavr/bin/../lib/gcc/avr/7.3.0/avr5\libgcc.a(_clear_bss.o)
 .debug_info    0x0000099b       0xbb c:/users/niteris/.platformio/packages/toolchain-atmelavr/bin/../lib/gcc/avr/7.3.0/avr5\libgcc.a(_ctors.o)
 .debug_info    0x00000a56       0xbb c:/users/niteris/.platformio/packages/toolchain-atmelavr/bin/../lib/gcc/avr/7.3.0/avr5\libgcc.a(_umulhisi3.o)
 .debug_info    0x00000b11       0xbb c:/users/niteris/.platformio/packages/toolchain-atmelavr/bin/../lib/gcc/avr/7.3.0/avr5\libgcc.a(_usmulhisi3.o)
 .debug_info    0x00000bcc       0xbb c:/users/niteris/.platformio/packages/toolchain-atmelavr/bin/../lib/gcc/avr/7.3.0/avr5\libgcc.a(_muluhisi3.o)
 .debug_info    0x00000c87       0xbb c:/users/niteris/.platformio/packages/toolchain-atmelavr/bin/../lib/gcc/avr/7.3.0/avr5\libgcc.a(_udivmodhi4.o)
 .debug_info    0x00000d42       0xbb c:/users/niteris/.platformio/packages/toolchain-atmelavr/bin/../lib/gcc/avr/7.3.0/avr5\libgcc.a(_tablejump2.o)

.debug_abbrev   0x00000000      0x67e
 *(.debug_abbrev)
 .debug_abbrev  0x00000000      0x5a2 c:/users/niteris/.platformio/packages/toolchain-atmelavr/bin/../lib/gcc/avr/7.3.0/../../../../avr/lib/avr5/crtatmega328p.o
 .debug_abbrev  0x000005a2       0x14 c:/users/niteris/.platformio/packages/toolchain-atmelavr/bin/../lib/gcc/avr/7.3.0/avr5\libgcc.a(_exit.o)
 .debug_abbrev  0x000005b6       0x14 c:/users/niteris/.platformio/packages/toolchain-atmelavr/bin/../lib/gcc/avr/7.3.0/avr5\libgcc.a(_divmodhi4.o)
 .debug_abbrev  0x000005ca       0x14 c:/users/niteris/.platformio/packages/toolchain-atmelavr/bin/../lib/gcc/avr/7.3.0/avr5\libgcc.a(_udivmodsi4.o)
 .debug_abbrev  0x000005de       0x14 c:/users/niteris/.platformio/packages/toolchain-atmelavr/bin/../lib/gcc/avr/7.3.0/avr5\libgcc.a(_copy_data.o)
 .debug_abbrev  0x000005f2       0x14 c:/users/niteris/.platformio/packages/toolchain-atmelavr/bin/../lib/gcc/avr/7.3.0/avr5\libgcc.a(_clear_bss.o)
 .debug_abbrev  0x00000606       0x14 c:/users/niteris/.platformio/packages/toolchain-atmelavr/bin/../lib/gcc/avr/7.3.0/avr5\libgcc.a(_ctors.o)
 .debug_abbrev  0x0000061a       0x14 c:/users/niteris/.platformio/packages/toolchain-atmelavr/bin/../lib/gcc/avr/7.3.0/avr5\libgcc.a(_umulhisi3.o)
 .debug_abbrev  0x0000062e       0x14 c:/users/niteris/.platformio/packages/toolchain-atmelavr/bin/../lib/gcc/avr/7.3.0/avr5\libgcc.a(_usmulhisi3.o)
 .debug_abbrev  0x00000642       0x14 c:/users/niteris/.platformio/packages/toolchain-atmelavr/bin/../lib/gcc/avr/7.3.0/avr5\libgcc.a(_muluhisi3.o)
 .debug_abbrev  0x00000656       0x14 c:/users/niteris/.platformio/packages/toolchain-atmelavr/bin/../lib/gcc/avr/7.3.0/avr5\libgcc.a(_udivmodhi4.o)
 .debug_abbrev  0x0000066a       0x14 c:/users/niteris/.platformio/packages/toolchain-atmelavr/bin/../lib/gcc/avr/7.3.0/avr5\libgcc.a(_tablejump2.o)

.debug_line     0x00000000      0x71a
 *(.debug_line .debug_line.* .debug_line_end)
 .debug_line    0x00000000       0x1a c:/users/niteris/.platformio/packages/toolchain-atmelavr/bin/../lib/gcc/avr/7.3.0/../../../../avr/lib/avr5/crtatmega328p.o
 .debug_line    0x0000001a       0x62 c:/users/niteris/.platformio/packages/toolchain-atmelavr/bin/../lib/gcc/avr/7.3.0/avr5\libgcc.a(_exit.o)
 .debug_line    0x0000007c       0xc8 c:/users/niteris/.platformio/packages/toolchain-atmelavr/bin/../lib/gcc/avr/7.3.0/avr5\libgcc.a(_divmodhi4.o)
 .debug_line    0x00000144      0x122 c:/users/niteris/.platformio/packages/toolchain-atmelavr/bin/../lib/gcc/avr/7.3.0/avr5\libgcc.a(_udivmodsi4.o)
 .debug_line    0x00000266       0x98 c:/users/niteris/.platformio/packages/toolchain-atmelavr/bin/../lib/gcc/avr/7.3.0/avr5\libgcc.a(_copy_data.o)
 .debug_line    0x000002fe       0x86 c:/users/niteris/.platformio/packages/toolchain-atmelavr/bin/../lib/gcc/avr/7.3.0/avr5\libgcc.a(_clear_bss.o)
 .debug_line    0x00000384       0x92 c:/users/niteris/.platformio/packages/toolchain-atmelavr/bin/../lib/gcc/avr/7.3.0/avr5\libgcc.a(_ctors.o)
 .debug_line    0x00000416       0xb0 c:/users/niteris/.platformio/packages/toolchain-atmelavr/bin/../lib/gcc/avr/7.3.0/avr5\libgcc.a(_umulhisi3.o)
 .debug_line    0x000004c6       0x7a c:/users/niteris/.platformio/packages/toolchain-atmelavr/bin/../lib/gcc/avr/7.3.0/avr5\libgcc.a(_usmulhisi3.o)
 .debug_line    0x00000540       0x92 c:/users/niteris/.platformio/packages/toolchain-atmelavr/bin/../lib/gcc/avr/7.3.0/avr5\libgcc.a(_muluhisi3.o)
 .debug_line    0x000005d2       0xce c:/users/niteris/.platformio/packages/toolchain-atmelavr/bin/../lib/gcc/avr/7.3.0/avr5\libgcc.a(_udivmodhi4.o)
 .debug_line    0x000006a0       0x7a c:/users/niteris/.platformio/packages/toolchain-atmelavr/bin/../lib/gcc/avr/7.3.0/avr5\libgcc.a(_tablejump2.o)

.debug_frame
 *(.debug_frame)

.debug_str      0x00000000      0x208
 *(.debug_str)
 .debug_str     0x00000000      0x208 c:/users/niteris/.platformio/packages/toolchain-atmelavr/bin/../lib/gcc/avr/7.3.0/../../../../avr/lib/avr5/crtatmega328p.o

.debug_loc
 *(.debug_loc)

.debug_macinfo
 *(.debug_macinfo)

.debug_weaknames
 *(.debug_weaknames)

.debug_funcnames
 *(.debug_funcnames)

.debug_typenames
 *(.debug_typenames)

.debug_varnames
 *(.debug_varnames)

.debug_pubtypes
 *(.debug_pubtypes)

.debug_ranges
 *(.debug_ranges)

.debug_macro
 *(.debug_macro)
OUTPUT(.pio\build\uno\firmware.elf elf32-avr)
LOAD linker stubs
